[  0.0%] Inizio lavorazione del corso «think_python».
[  8.0%] ▸ Conversione (documento think_python): Sto convertendo il libro in testo e preparando i capitoli…
[  8.9%] Elaboro il documento «think_python».
[  0.0%] ▸ Estrazione (documento think_python): Sto estraendo il testo dal documento…
[ 30.0%] Uso l'estrattore «pdf_script» per think_python.pdf.
[ 90.0%] PDF letto: circa 470,419 caratteri estratti.
[100.0%] ✓ Estrazione completato in 37 s.
[ 45.4%] Ho salvato markdown grezzo (post-estrazione) sul disco.
[  0.0%] ▸ Pulizia: Sto ripulendo e sistemando il testo…
[100.0%] ✓ Pulizia completato in 0 s.
[ 45.4%] Ho salvato markdown normalizzato sul disco.
[  0.0%] ▸ Struttura: Sto analizzando titoli e sezioni del documento…
[100.0%] ✓ Struttura completato in 0 s.
[ 25.6%] Documento strutturato: 283 sezioni, 285 analisi da fare.
[  0.0%] ▸ Analisi IA: Sto analizzando qualità e sintesi con l'intelligenza artificiale…
[  5.0%] Avvio 286 analisi con l'IA (in parallelo).
[  5.0%] Sto ancora con l'analisi del testo: completate 35 su 286 richieste (12%).
[  5.0%] Sto ancora con l'analisi del testo: completate 70 su 286 richieste (24%).
[  5.0%] Sto ancora con l'analisi del testo: completate 105 su 286 richieste (36%).
[  5.0%] Sto ancora con l'analisi del testo: completate 140 su 286 richieste (48%).
[  5.0%] Sto ancora con l'analisi del testo: completate 175 su 286 richieste (61%).
[  5.0%] Sto ancora con l'analisi del testo: completate 210 su 286 richieste (73%).
[  5.0%] Sto ancora con l'analisi del testo: completate 245 su 286 richieste (85%).
[  5.0%] Sto ancora con l'analisi del testo: completate 280 su 286 richieste (97%).
[  5.0%] Sto ancora con l'analisi del testo: completate 286 su 286 richieste (100%).
[100.0%] ✓ Analisi IA completato in 105 s.
[ 49.8%] Qualità del testo: 83% — 5 avvisi.
[ 45.4%] Ho salvato markdown finale (YAML + corpo) sul disco.
[ 45.4%] Riepilogo IA: 286 chiamate, 252,465 token totali, circa $0.0414.
[ 52.0%] Documento pronto: 285 segmenti e 58 capitoli nell'indice.
[ 52.0%] ✓ Conversione completato in 143 s.
[ 52.0%] ▸ Pianificazione (documento think_python): Sto costruendo la mappa del corso e i punti di taglio…
[  0.0%] ▸ Pianificazione (documento think_python): Sto calcolando carico cognitivo e durata delle lezioni…
[ 54.6%] Sto leggendo la struttura del libro per decidere dove tagliare le lezioni…
[ 65.0%] Piano pronto: 265 lezioni, circa 1556 minuti totali (documento structured).
[100.0%] ✓ Pianificazione completato in 1 s.
[ 65.0%] ✓ Pianificazione completato in 1 s.
[ 65.0%] ▸ Segmentazione (documento think_python): Sto dividendo il testo in moduli didattici…
[  0.0%] ▸ Segmentazione (documento think_python): Sto tagliando il contenuto secondo il piano…
[ 67.2%] Sto tagliando i moduli: 44 di 265 («Chapter 4»…).
[ 69.3%] Sto tagliando i moduli: 88 di 265 («7.2 Updating variables»…).
[ 71.5%] Sto tagliando i moduli: 132 di 265 («10.14 Glossary»…).
[ 73.6%] Sto tagliando i moduli: 176 di 265 («14.5 Catching exceptions»…).
[ 75.8%] Sto tagliando i moduli: 220 di 265 («18.3 Comparing cards»…).
[ 78.0%] Sto tagliando i moduli: 264 di 265 («B.5 Glossary»…).
[ 78.0%] Sto tagliando i moduli: 265 di 265 («Index»…).
[ 78.0%] Ho creato 265 moduli grezzi pronti per la validazione.
[100.0%] ✓ Segmentazione completato in 0 s.
[ 78.0%] ✓ Segmentazione completato in 0 s.
[ 78.0%] ▸ Validazione (documento think_python): Sto controllando coerenza e prerequisiti…
[  0.0%] ▸ Validazione (documento think_python): Sto verificando che ogni modulo sia comprensibile da solo…
[ 78.7%] Validazione rapida di 265 moduli (controlli automatici, senza IA per modulo)…
[ 79.7%] Controllo automatico: 33/265 moduli esaminati.
[ 81.5%] Controllo automatico: 66/265 moduli esaminati.
[ 83.2%] Controllo automatico: 99/265 moduli esaminati.
[ 85.0%] Controllo automatico: 132/265 moduli esaminati.
[ 86.7%] Controllo automatico: 165/265 moduli esaminati.
[ 88.5%] Controllo automatico: 198/265 moduli esaminati.
[ 90.2%] Controllo automatico: 231/265 moduli esaminati.
[ 91.9%] Controllo automatico: 264/265 moduli esaminati.
[ 92.0%] Controllo automatico: 265/265 moduli esaminati.
[ 92.0%] Non ho usato l'IA in questa fase.
[ 92.0%] Validazione finita: 195 approvati, 70 da rivedere, 0 respinti.
[100.0%] ✓ Validazione completato in 0 s.
[ 92.0%] ✓ Validazione completato in 0 s.
[ 92.0%] ▸ Microlearning (documento think_python): Sto progettando il corso microlearning in italiano…
[  0.0%] ▸ Microlearning: Sto esplorando il materiale e scrivendo le lezioni…
[ 92.4%] Esploro i materiali e compongo il corso in italiano…
[ 92.2%] Sto progettando il microlearning (passo 1 di 35)…
[  2.9%] Ho completato «pianificazione lezione» in 8 secondi.
[ 93.2%] Sto esplorando i file disponibili nel corso…
[ 93.2%] Sto esplorando i file disponibili nel corso…
[ 93.2%] Sto esplorando i file disponibili nel corso…
[ 92.5%] Sto progettando il microlearning (passo 2 di 35)…
[  5.7%] Ho completato «pianificazione lezione» in 6 secondi.
[ 94.0%] Leggo l'indice dei capitoli già sintetizzati…
[ 92.7%] Sto progettando il microlearning (passo 3 di 35)…
[  8.6%] Ho completato «pianificazione lezione» in 10 secondi.
[ 92.9%] Sto progettando il microlearning (passo 4 di 35)…
[ 11.4%] Ho completato «pianificazione lezione» in 8 secondi.
[ 93.1%] Sto progettando il microlearning (passo 5 di 35)…
[ 14.3%] Ho completato «pianificazione lezione» in 18 secondi.
[ 93.4%] Sto progettando il microlearning (passo 6 di 35)…
[ 17.1%] Ho completato «pianificazione lezione» in 6 secondi.
[ 93.6%] Sto progettando il microlearning (passo 7 di 35)…
[ 93.6%] Sto ancora con l'pianificazione lezione: completate 7 su 35 richieste (20%).
[ 93.8%] Sto progettando il microlearning (passo 8 di 35)…
[ 22.9%] Ho completato «pianificazione lezione» in 10 secondi.
[ 94.1%] Sto progettando il microlearning (passo 9 di 35)…
[ 25.7%] Ho completato «pianificazione lezione» in 9 secondi.
[ 94.3%] Sto progettando il microlearning (passo 10 di 35)…
[ 28.6%] Ho completato «pianificazione lezione» in 8 secondi.
[ 94.5%] Sto progettando il microlearning (passo 11 di 35)…
[ 31.4%] Ho completato «pianificazione lezione» in 8 secondi.
[ 94.7%] Sto progettando il microlearning (passo 12 di 35)…
[ 34.3%] Ho completato «pianificazione lezione» in 15 secondi.
[ 95.0%] Sto progettando il microlearning (passo 13 di 35)…
[ 37.1%] Ho completato «pianificazione lezione» in 27 secondi.
[ 95.5%] Ho aggiunto la lezione 1 al corso microlearning.
[ 95.2%] Sto progettando il microlearning (passo 14 di 35)…
[ 95.2%] Sto ancora con l'pianificazione lezione: completate 14 su 35 richieste (40%).
[ 95.8%] Ho aggiunto la lezione 2 al corso microlearning.
[ 95.4%] Sto progettando il microlearning (passo 15 di 35)…
[ 42.9%] Ho completato «pianificazione lezione» in 34 secondi.
[ 95.7%] Sto progettando il microlearning (passo 16 di 35)…
[ 45.7%] Ho completato «pianificazione lezione» in 15 secondi.
[ 96.2%] Ho aggiunto la lezione 3 al corso microlearning.
[ 95.9%] Sto progettando il microlearning (passo 17 di 35)…
[ 48.6%] Ho completato «pianificazione lezione» in 15 secondi.
[ 96.5%] Ho aggiunto la lezione 4 al corso microlearning.
[ 96.1%] Sto progettando il microlearning (passo 18 di 35)…
[ 51.4%] Ho completato «pianificazione lezione» in 15 secondi.
[ 96.8%] Ho aggiunto la lezione 5 al corso microlearning.
[ 96.3%] Sto progettando il microlearning (passo 19 di 35)…
[ 54.3%] Ho completato «pianificazione lezione» in 20 secondi.
[ 97.1%] Ho aggiunto la lezione 6 al corso microlearning.
[ 96.6%] Sto progettando il microlearning (passo 20 di 35)…
[ 57.1%] Ho completato «pianificazione lezione» in 15 secondi.
[ 97.4%] Ho aggiunto la lezione 7 al corso microlearning.
[ 96.8%] Sto progettando il microlearning (passo 21 di 35)…
[ 96.8%] Sto ancora con l'pianificazione lezione: completate 21 su 35 richieste (60%).
[ 97.8%] Ho aggiunto la lezione 8 al corso microlearning.
[ 97.0%] Sto progettando il microlearning (passo 22 di 35)…
[ 62.9%] Ho completato «pianificazione lezione» in 23 secondi.
[ 98.1%] Ho aggiunto la lezione 9 al corso microlearning.
[ 97.3%] Sto progettando il microlearning (passo 23 di 35)…
[ 65.7%] Ho completato «pianificazione lezione» in 20 secondi.
[ 98.4%] Ho aggiunto la lezione 10 al corso microlearning.
[ 97.5%] Sto progettando il microlearning (passo 24 di 35)…
[ 68.6%] Ho completato «pianificazione lezione» in 9 secondi.
[ 97.7%] Sto progettando il microlearning (passo 25 di 35)…
[ 71.4%] Ho completato «pianificazione lezione» in 18 secondi.
[ 97.9%] Sto progettando il microlearning (passo 26 di 35)…
[ 74.3%] Ho completato «pianificazione lezione» in 21 secondi.
[ 98.7%] Ho aggiunto la lezione 11 al corso microlearning.
[ 98.2%] Sto progettando il microlearning (passo 27 di 35)…
[ 77.1%] Ho completato «pianificazione lezione» in 21 secondi.
[ 99.0%] Ho aggiunto la lezione 12 al corso microlearning.
[ 98.4%] Sto progettando il microlearning (passo 28 di 35)…
[ 98.4%] Sto ancora con l'pianificazione lezione: completate 28 su 35 richieste (80%).
[ 99.4%] Ho aggiunto la lezione 13 al corso microlearning.
[ 98.6%] Sto progettando il microlearning (passo 29 di 35)…
[ 82.9%] Ho completato «pianificazione lezione» in 16 secondi.
[ 99.6%] Ho aggiunto la lezione 14 al corso microlearning.
[ 98.9%] Sto progettando il microlearning (passo 30 di 35)…
[ 85.7%] Ho completato «pianificazione lezione» in 12 secondi.
[ 99.1%] Sto progettando il microlearning (passo 31 di 35)…
[ 88.6%] Ho completato «pianificazione lezione» in 26 secondi.
[ 99.6%] Ho aggiunto la lezione 15 al corso microlearning.
[ 99.3%] Sto progettando il microlearning (passo 32 di 35)…
[ 91.4%] Ho completato «pianificazione lezione» in 10 secondi.
[ 99.6%] Ho aggiunto la lezione 16 al corso microlearning.
[ 99.5%] Sto progettando il microlearning (passo 33 di 35)…
[ 94.3%] Ho completato «pianificazione lezione» in 22 secondi.
[ 94.3%] Riepilogo IA: 33 chiamate, 1,516,604 token totali, circa $0.0829.
[100.0%] Corso «Impara a programmare con Python: fondamenti con Think Python»: 12 lezioni, 4 quiz.
[100.0%] ✓ Microlearning completato in 516 s.
[100.0%] ✓ Microlearning completato in 516 s.
[100.0%] Ho finito: il corso è pronto.
