[  0.0%] Inizio lavorazione del corso «soft_skills».
[ 92.0%] ▸ Microlearning (documento soft_skills): Sto progettando il corso microlearning in italiano…
[  0.0%] ▸ Microlearning: Sto esplorando il materiale e scrivendo le lezioni…
[ 92.4%] Esploro i materiali e compongo il corso in italiano…
[ 92.2%] Sto progettando il microlearning (passo 1 di 35)…
[  2.9%] Ho completato «pianificazione lezione» in 6 secondi.
[ 93.2%] Sto esplorando i file disponibili nel corso…
[ 94.0%] Leggo l'indice dei capitoli già sintetizzati…
[ 92.5%] Sto progettando il microlearning (passo 2 di 35)…
[  2.9%] Ho completato «pianificazione lezione» in 5 secondi.
[ 93.2%] Sto esplorando i file disponibili nel corso…
[ 93.2%] Sto esplorando i file disponibili nel corso…
[ 93.2%] Sto esplorando i file disponibili nel corso…
[ 92.5%] Sto progettando il microlearning (passo 2 di 35)…
[  5.7%] Ho completato «pianificazione lezione» in 8 secondi.
[ 92.7%] Sto progettando il microlearning (passo 3 di 35)…
[  5.7%] Ho completato «pianificazione lezione» in 8 secondi.
[ 94.0%] Leggo l'indice dei capitoli già sintetizzati…
[ 92.7%] Sto progettando il microlearning (passo 3 di 35)…
[  8.6%] Ho completato «pianificazione lezione» in 4 secondi.
[ 92.9%] Sto progettando il microlearning (passo 4 di 35)…
[ 11.4%] Ho completato «pianificazione lezione» in 5 secondi.
[ 93.1%] Sto progettando il microlearning (passo 5 di 35)…
[  8.6%] Ho completato «pianificazione lezione» in 9 secondi.
[ 92.9%] Sto progettando il microlearning (passo 4 di 35)…
[ 14.3%] Ho completato «pianificazione lezione» in 8 secondi.
[ 93.4%] Sto progettando il microlearning (passo 6 di 35)…
[ 11.4%] Ho completato «pianificazione lezione» in 9 secondi.
[ 93.1%] Sto progettando il microlearning (passo 5 di 35)…
[ 17.1%] Ho completato «pianificazione lezione» in 11 secondi.
[ 93.6%] Sto progettando il microlearning (passo 7 di 35)…
[ 14.3%] Ho completato «pianificazione lezione» in 10 secondi.
[ 93.4%] Sto progettando il microlearning (passo 6 di 35)…
[ 17.1%] Ho completato «pianificazione lezione» in 7 secondi.
[ 93.6%] Sto progettando il microlearning (passo 7 di 35)…
[ 93.6%] Sto ancora con l'pianificazione lezione: completate 7 su 35 richieste (20%).
[ 93.8%] Sto progettando il microlearning (passo 8 di 35)…
[ 93.6%] Sto ancora con l'pianificazione lezione: completate 7 su 35 richieste (20%).
[ 93.8%] Sto progettando il microlearning (passo 8 di 35)…
[ 22.9%] Ho completato «pianificazione lezione» in 12 secondi.
[ 94.1%] Sto progettando il microlearning (passo 9 di 35)…
[ 22.9%] Ho completato «pianificazione lezione» in 11 secondi.
[ 94.1%] Sto progettando il microlearning (passo 9 di 35)…
[ 25.7%] Ho completato «pianificazione lezione» in 11 secondi.
[ 94.3%] Sto progettando il microlearning (passo 10 di 35)…
[ 25.7%] Ho completato «pianificazione lezione» in 10 secondi.
[ 94.3%] Sto progettando il microlearning (passo 10 di 35)…
[ 28.6%] Ho completato «pianificazione lezione» in 11 secondi.
[ 94.5%] Sto progettando il microlearning (passo 11 di 35)…
[ 28.6%] Ho completato «pianificazione lezione» in 16 secondi.
[ 95.5%] Ho aggiunto la lezione 1 al corso microlearning.
[ 94.5%] Sto progettando il microlearning (passo 11 di 35)…
[ 31.4%] Ho completato «pianificazione lezione» in 11 secondi.
[ 94.7%] Sto progettando il microlearning (passo 12 di 35)…
[ 34.3%] Ho completato «pianificazione lezione» in 20 secondi.
[ 95.5%] Ho aggiunto la lezione 1 al corso microlearning.
[ 95.0%] Sto progettando il microlearning (passo 13 di 35)…
[ 31.4%] Ho completato «pianificazione lezione» in 20 secondi.
[ 95.8%] Ho aggiunto la lezione 2 al corso microlearning.
[ 94.7%] Sto progettando il microlearning (passo 12 di 35)…
[ 37.1%] Ho completato «pianificazione lezione» in 21 secondi.
[ 95.8%] Ho aggiunto la lezione 2 al corso microlearning.
[ 95.2%] Sto progettando il microlearning (passo 14 di 35)…
[ 34.3%] Ho completato «pianificazione lezione» in 24 secondi.
[ 96.2%] Ho aggiunto la lezione 3 al corso microlearning.
[ 95.0%] Sto progettando il microlearning (passo 13 di 35)…
[ 37.1%] Ho completato «pianificazione lezione» in 12 secondi.
[ 96.5%] Ho aggiunto la lezione 4 al corso microlearning.
[ 95.2%] Sto progettando il microlearning (passo 14 di 35)…
[ 95.2%] Sto ancora con l'pianificazione lezione: completate 14 su 35 richieste (40%).
[ 96.2%] Ho aggiunto la lezione 3 al corso microlearning.
[ 95.4%] Sto progettando il microlearning (passo 15 di 35)…
[ 95.2%] Sto ancora con l'pianificazione lezione: completate 14 su 35 richieste (40%).
[ 96.8%] Ho aggiunto la lezione 5 al corso microlearning.
[ 95.4%] Sto progettando il microlearning (passo 15 di 35)…
[ 42.9%] Ho completato «pianificazione lezione» in 16 secondi.
[ 96.5%] Ho aggiunto la lezione 4 al corso microlearning.
[ 95.7%] Sto progettando il microlearning (passo 16 di 35)…
[ 42.9%] Ho completato «pianificazione lezione» in 20 secondi.
[ 97.1%] Ho aggiunto la lezione 6 al corso microlearning.
[ 95.7%] Sto progettando il microlearning (passo 16 di 35)…
[ 45.7%] Ho completato «pianificazione lezione» in 19 secondi.
[ 96.8%] Ho aggiunto la lezione 5 al corso microlearning.
[ 95.9%] Sto progettando il microlearning (passo 17 di 35)…
[ 48.6%] Ho completato «pianificazione lezione» in 16 secondi.
[ 97.1%] Ho aggiunto la lezione 6 al corso microlearning.
[ 96.1%] Sto progettando il microlearning (passo 18 di 35)…
[ 45.7%] Ho completato «pianificazione lezione» in 26 secondi.
[ 97.4%] Ho aggiunto la lezione 7 al corso microlearning.
[ 95.9%] Sto progettando il microlearning (passo 17 di 35)…
[ 51.4%] Ho completato «pianificazione lezione» in 27 secondi.
[ 97.4%] Ho aggiunto la lezione 7 al corso microlearning.
[ 96.3%] Sto progettando il microlearning (passo 19 di 35)…
[ 48.6%] Ho completato «pianificazione lezione» in 28 secondi.
[ 97.8%] Ho aggiunto la lezione 8 al corso microlearning.
[ 96.1%] Sto progettando il microlearning (passo 18 di 35)…
[ 51.4%] Ho completato «pianificazione lezione» in 21 secondi.
[ 98.1%] Ho aggiunto la lezione 9 al corso microlearning.
[ 96.3%] Sto progettando il microlearning (passo 19 di 35)…
[ 54.3%] Ho completato «pianificazione lezione» in 27 secondi.
[ 97.8%] Ho aggiunto la lezione 8 al corso microlearning.
[ 96.6%] Sto progettando il microlearning (passo 20 di 35)…
[ 57.1%] Ho completato «pianificazione lezione» in 12 secondi.
[ 98.1%] Ho aggiunto la lezione 9 al corso microlearning.
[ 96.8%] Sto progettando il microlearning (passo 21 di 35)…
[ 54.3%] Ho completato «pianificazione lezione» in 25 secondi.
[ 98.4%] Ho aggiunto la lezione 10 al corso microlearning.
[ 96.6%] Sto progettando il microlearning (passo 20 di 35)…
[ 96.8%] Sto ancora con l'pianificazione lezione: completate 21 su 35 richieste (60%).
[ 98.4%] Ho aggiunto la lezione 10 al corso microlearning.
[ 97.0%] Sto progettando il microlearning (passo 22 di 35)…
[ 57.1%] Ho completato «pianificazione lezione» in 17 secondi.
[ 98.7%] Ho aggiunto la lezione 11 al corso microlearning.
[ 96.8%] Sto progettando il microlearning (passo 21 di 35)…
[ 62.9%] Ho completato «pianificazione lezione» in 17 secondi.
[ 98.7%] Ho aggiunto la lezione 11 al corso microlearning.
[ 97.3%] Sto progettando il microlearning (passo 23 di 35)…
[ 96.8%] Sto ancora con l'pianificazione lezione: completate 21 su 35 richieste (60%).
[ 99.0%] Ho aggiunto la lezione 12 al corso microlearning.
[ 97.0%] Sto progettando il microlearning (passo 22 di 35)…
[ 65.7%] Ho completato «pianificazione lezione» in 19 secondi.
[ 99.0%] Ho aggiunto la lezione 12 al corso microlearning.
[ 97.5%] Sto progettando il microlearning (passo 24 di 35)…
[ 62.9%] Ho completato «pianificazione lezione» in 25 secondi.
[ 99.4%] Ho aggiunto la lezione 13 al corso microlearning.
[ 97.3%] Sto progettando il microlearning (passo 23 di 35)…
[ 68.6%] Ho completato «pianificazione lezione» in 16 secondi.
[ 99.4%] Ho aggiunto la lezione 13 al corso microlearning.
[ 97.7%] Sto progettando il microlearning (passo 25 di 35)…
[ 65.7%] Ho completato «pianificazione lezione» in 22 secondi.
[ 99.6%] Ho aggiunto la lezione 14 al corso microlearning.
[ 97.5%] Sto progettando il microlearning (passo 24 di 35)…
[ 71.4%] Ho completato «pianificazione lezione» in 21 secondi.
[ 99.6%] Ho aggiunto la lezione 14 al corso microlearning.
[ 97.9%] Sto progettando il microlearning (passo 26 di 35)…
[ 68.6%] Ho completato «pianificazione lezione» in 13 secondi.
[ 99.6%] Ho aggiunto la lezione 15 al corso microlearning.
[ 97.7%] Sto progettando il microlearning (passo 25 di 35)…
[ 74.3%] Ho completato «pianificazione lezione» in 23 secondi.
[ 99.6%] Ho aggiunto la lezione 15 al corso microlearning.
[ 98.2%] Sto progettando il microlearning (passo 27 di 35)…
[ 71.4%] Ho completato «pianificazione lezione» in 13 secondi.
[ 71.4%] Riepilogo IA: 25 chiamate, 1,268,715 token totali, circa $0.0615.
[100.0%] Corso «Soft Skills per Sviluppatori: Il Manuale di Carriera»: 12 lezioni, 3 quiz.
[100.0%] ✓ Microlearning completato in 422 s.
[100.0%] ✓ Microlearning completato in 422 s.
[100.0%] Ho finito: il corso è pronto.
[ 77.1%] Ho completato «pianificazione lezione» in 12 secondi.
[ 99.6%] Ho aggiunto la lezione 16 al corso microlearning.
[ 98.4%] Sto progettando il microlearning (passo 28 di 35)…
[ 98.4%] Sto ancora con l'pianificazione lezione: completate 28 su 35 richieste (80%).
[ 98.4%] Riepilogo IA: 28 chiamate, 1,444,667 token totali, circa $0.0666.
[100.0%] Corso «Soft Skills per Sviluppatori: Carriera, Produttività e Crescita Personale»: 12 lezioni, 4 quiz.
[100.0%] ✓ Microlearning completato in 452 s.
[100.0%] ✓ Microlearning completato in 453 s.
[100.0%] Ho finito: il corso è pronto.
